
> sync@0.19.1 tauri
> tauri build

node.exe :         Info Looking up installed tauri packages to check 
mismatched versions...
At line:1 char:1
+ & "C:\Program Files\nodejs/node.exe" "C:\Program Files\nodejs/node_mo ...
+ ~~~~~~~~~~~~~~~~~~~~~~~~~~~~~~~~~~~~~~~~~~~~~~~~~~~~~~~~~~~~~~~~~~~~~
    + CategoryInfo          : NotSpecified: (        Info Lo...hed versions... 
   :String) [], RemoteException
    + FullyQualifiedErrorId : NativeCommandError
 
       Error Failed to parse version `2.1` for crate 
`tauri-plugin-clipboard-manager`
       Error Failed to parse version `2.1` for crate `tauri-plugin-dialog`
       Error Failed to parse version `2.1` for crate `tauri-plugin-os`
     Running beforeBuildCommand `npm run build`

> sync@0.19.1 build
> vite build

[36mvite v7.1.7 [32mbuilding SSR bundle for production...[36m[39m
transforming...
[32mÔ£ô[39m 952 modules transformed.
[33mGenerated an empty chunk: "entries/pages/main/_page.ts".[39m
rendering chunks...
[36mvite v7.1.7 [32mbuilding for production...[36m[39m
transforming...
[32mÔ£ô[39m 1231 modules transformed.
rendering chunks...
computing gzip size...
[2m.svelte-kit/output/client/[22m[32m_app/version.json                         [39m[1m[2m  0.03 kB[22m[1m[22m[2m Ôöé gzip:  0.05 kB[22m
[2m.svelte-kit/output/client/[22m[32m.vite/manifest.json                       [39m[1m[2m 18.84 kB[22m[1m[22m[2m Ôöé gzip:  2.18 kB[22m
[2m.svelte-kit/output/client/[22m[35m_app/immutable/assets/14.DWmbdrRP.css     [39m[1m[2m  0.06 kB[22m[1m[22m[2m Ôöé gzip:  0.08 kB[22m
[2m.svelte-kit/output/client/[22m[35m_app/immutable/assets/2.BN6AVBAP.css      [39m[1m[2m  0.08 kB[22m[1m[22m[2m Ôöé gzip:  0.09 kB[22m
[2m.svelte-kit/output/client/[22m[35m_app/immutable/assets/3.DetKvONP.css      [39m[1m[2m  0.30 kB[22m[1m[22m[2m Ôöé gzip:  0.17 kB[22m
[2m.svelte-kit/output/client/[22m[35m_app/immutable/assets/utils.BHH8rdGj.css  [39m[1m[2m  1.41 kB[22m[1m[22m[2m Ôöé gzip:  0.53 kB[22m
[2m.svelte-kit/output/client/[22m[35m_app/immutable/assets/0.DFnoWx9W.css      [39m[1m[2m 92.45 kB[22m[1m[22m[2m Ôöé gzip: 15.18 kB[22m
[2m.svelte-kit/output/client/[22m[36m_app/immutable/chunks/DsnmJJEf.js         [39m[1m[2m  0.07 kB[22m[1m[22m[2m Ôöé gzip:  0.08 kB[22m
[2m.svelte-kit/output/client/[22m[36m_app/immutable/chunks/BdHt451K.js         [39m[1m[2m  0.08 kB[22m[1m[22m[2m Ôöé gzip:  0.10 kB[22m
[2m.svelte-kit/output/client/[22m[36m_app/immutable/entry/start.BObRvDGk.js    [39m[1m[2m  0.08 kB[22m[1m[22m[2m Ôöé gzip:  0.09 kB[22m
[2m.svelte-kit/output/client/[22m[36m_app/immutable/chunks/BC4SIPWi.js         [39m[1m[2m  0.10 kB[22m[1m[22m[2m Ôöé gzip:  0.11 kB[22m
[2m.svelte-kit/output/client/[22m[36m_app/immutable/chunks/NsRVU9se.js         [39m[1m[2m  0.17 kB[22m[1m[22m[2m Ôöé gzip:  0.16 kB[22m
[2m.svelte-kit/output/client/[22m[36m_app/immutable/chunks/DZ1qFp40.js         [39m[1m[2m  0.18 kB[22m[1m[22m[2m Ôöé gzip:  0.15 kB[22m
[2m.svelte-kit/output/client/[22m[36m_app/immutable/chunks/woV0EmqT.js         [39m[1m[2m  0.18 kB[22m[1m[22m[2m Ôöé gzip:  0.15 kB[22m
[2m.svelte-kit/output/client/[22m[36m_app/immutable/chunks/BeG070mp.js         [39m[1m[2m  0.23 kB[22m[1m[22m[2m Ôöé gzip:  0.16 kB[22m
[2m.svelte-kit/output/client/[22m[36m_app/immutable/chunks/DP8LgBM1.js         [39m[1m[2m  0.30 kB[22m[1m[22m[2m Ôöé gzip:  0.22 kB[22m
[2m.svelte-kit/output/client/[22m[36m_app/immutable/nodes/4.CQBeGKqv.js        [39m[1m[2m  0.36 kB[22m[1m[22m[2m Ôöé gzip:  0.25 kB[22m
[2m.svelte-kit/output/client/[22m[36m_app/immutable/nodes/1.CdoM7Bm3.js        [39m[1m[2m  0.37 kB[22m[1m[22m[2m Ôöé gzip:  0.26 kB[22m
[2m.svelte-kit/output/client/[22m[36m_app/immutable/chunks/Bp8YDu5r.js         [39m[1m[2m  0.42 kB[22m[1m[22m[2m Ôöé gzip:  0.29 kB[22m
[2m.svelte-kit/output/client/[22m[36m_app/immutable/chunks/OQWbg_XR.js         [39m[1m[2m  0.44 kB[22m[1m[22m[2m Ôöé gzip:  0.31 kB[22m
[2m.svelte-kit/output/client/[22m[36m_app/immutable/chunks/Bh6yQh0A.js         [39m[1m[2m  0.45 kB[22m[1m[22m[2m Ôöé gzip:  0.33 kB[22m
[2m.svelte-kit/output/client/[22m[36m_app/immutable/chunks/C7P-1CN0.js         [39m[1m[2m  0.54 kB[22m[1m[22m[2m Ôöé gzip:  0.38 kB[22m
[2m.svelte-kit/output/client/[22m[36m_app/immutable/chunks/DO6xSmB6.js         [39m[1m[2m  0.63 kB[22m[1m[22m[2m Ôöé gzip:  0.27 kB[22m
[2m.svelte-kit/output/client/[22m[36m_app/immutable/chunks/CWFCHzfX.js         [39m[1m[2m  0.64 kB[22m[1m[22m[2m Ôöé gzip:  0.39 kB[22m
[2m.svelte-kit/output/client/[22m[36m_app/immutable/chunks/DAykhFSS.js         [39m[1m[2m  0.69 kB[22m[1m[22m[2m Ôöé gzip:  0.46 kB[22m
[2m.svelte-kit/output/client/[22m[36m_app/immutable/chunks/q8hoJ1Pj.js         [39m[1m[2m  0.75 kB[22m[1m[22m[2m Ôöé gzip:  0.42 kB[22m
[2m.svelte-kit/output/client/[22m[36m_app/immutable/chunks/DncvFUC3.js         [39m[1m[2m  0.79 kB[22m[1m[22m[2m Ôöé gzip:  0.51 kB[22m
[2m.svelte-kit/output/client/[22m[36m_app/immutable/chunks/DbhK5u7i.js         [39m[1m[2m  0.81 kB[22m[1m[22m[2m Ôöé gzip:  0.44 kB[22m
[2m.svelte-kit/output/client/[22m[36m_app/immutable/chunks/CtMPclei.js         [39m[1m[2m  0.88 kB[22m[1m[22m[2m Ôöé gzip:  0.37 kB[22m
[2m.svelte-kit/output/client/[22m[36m_app/immutable/chunks/DgKdPRsR.js         [39m[1m[2m  0.91 kB[22m[1m[22m[2m Ôöé gzip:  0.49 kB[22m
[2m.svelte-kit/output/client/[22m[36m_app/immutable/chunks/C7-j1SEF.js         [39m[1m[2m  0.93 kB[22m[1m[22m[2m Ôöé gzip:  0.56 kB[22m
[2m.svelte-kit/output/client/[22m[36m_app/immutable/chunks/C59xPkI1.js         [39m[1m[2m  1.23 kB[22m[1m[22m[2m Ôöé gzip:  0.70 kB[22m
[2m.svelte-kit/output/client/[22m[36m_app/immutable/chunks/DbLH7Cm2.js         [39m[1m[2m  1.26 kB[22m[1m[22m[2m Ôöé gzip:  0.53 kB[22m
[2m.svelte-kit/output/client/[22m[36m_app/immutable/nodes/0.bhzDJ6UH.js        [39m[1m[2m  2.14 kB[22m[1m[22m[2m Ôöé gzip:  1.03 kB[22m
[2m.svelte-kit/output/client/[22m[36m_app/immutable/chunks/D4OHNdkK.js         [39m[1m[2m  2.24 kB[22m[1m[22m[2m Ôöé gzip:  0.81 kB[22m
[2m.svelte-kit/output/client/[22m[36m_app/immutable/chunks/CxDMjSCz.js         [39m[1m[2m  2.59 kB[22m[1m[22m[2m Ôöé gzip:  0.71 kB[22m
[2m.svelte-kit/output/client/[22m[36m_app/immutable/chunks/CSFQtKZN.js         [39m[1m[2m  2.62 kB[22m[1m[22m[2m Ôöé gzip:  1.21 kB[22m
[2m.svelte-kit/output/client/[22m[36m_app/immutable/nodes/10.m8kF4Wl0.js       [39m[1m[2m  2.82 kB[22m[1m[22m[2m Ôöé gzip:  1.25 kB[22m
[2m.svelte-kit/output/client/[22m[36m_app/immutable/chunks/ISILUwil.js         [39m[1m[2m  3.21 kB[22m[1m[22m[2m Ôöé gzip:  1.17 kB[22m
[2m.svelte-kit/output/client/[22m[36m_app/immutable/nodes/5.BDsuonhG.js        [39m[1m[2m  3.99 kB[22m[1m[22m[2m Ôöé gzip:  1.91 kB[22m
[2m.svelte-kit/output/client/[22m[36m_app/immutable/chunks/CNzN1iRj.js         [39m[1m[2m  4.80 kB[22m[1m[22m[2m Ôöé gzip:  2.26 kB[22m
[2m.svelte-kit/output/client/[22m[36m_app/immutable/chunks/CNVmSyVm.js         [39m[1m[2m  5.85 kB[22m[1m[22m[2m Ôöé gzip:  2.87 kB[22m
[2m.svelte-kit/output/client/[22m[36m_app/immutable/nodes/9.K8oZcPGE.js        [39m[1m[2m  6.00 kB[22m[1m[22m[2m Ôöé gzip:  2.46 kB[22m
[2m.svelte-kit/output/client/[22m[36m_app/immutable/nodes/8.Cvx6St2y.js        [39m[1m[2m  6.56 kB[22m[1m[22m[2m Ôöé gzip:  2.55 kB[22m
[2m.svelte-kit/output/client/[22m[36m_app/immutable/nodes/7.OMxmBQYY.js        [39m[1m[2m  6.60 kB[22m[1m[22m[2m Ôöé gzip:  2.65 kB[22m
[2m.svelte-kit/output/client/[22m[36m_app/immutable/chunks/DQwYLlLz.js         [39m[1m[2m  6.69 kB[22m[1m[22m[2m Ôöé gzip:  1.06 kB[22m
[2m.svelte-kit/output/client/[22m[36m_app/immutable/nodes/11.f0cBML2A.js       [39m[1m[2m  6.92 kB[22m[1m[22m[2m Ôöé gzip:  2.63 kB[22m
[2m.svelte-kit/output/client/[22m[36m_app/immutable/nodes/12.a_pfKrRY.js       [39m[1m[2m  7.38 kB[22m[1m[22m[2m Ôöé gzip:  2.87 kB[22m
[2m.svelte-kit/output/client/[22m[36m_app/immutable/nodes/6.COjA7I2a.js        [39m[1m[2m  8.26 kB[22m[1m[22m[2m Ôöé gzip:  2.93 kB[22m
[2m.svelte-kit/output/client/[22m[36m_app/immutable/nodes/13.DcHKAUcQ.js       [39m[1m[2m  9.23 kB[22m[1m[22m[2m Ôöé gzip:  3.55 kB[22m
[2m.svelte-kit/output/client/[22m[36m_app/immutable/entry/app.Npmwpzk2.js      [39m[1m[2m  9.59 kB[22m[1m[22m[2m Ôöé gzip:  3.66 kB[22m
[2m.svelte-kit/output/client/[22m[36m_app/immutable/chunks/qZVU7BvT.js         [39m[1m[2m 10.42 kB[22m[1m[22m[2m Ôöé gzip:  0.89 kB[22m
[2m.svelte-kit/output/client/[22m[36m_app/immutable/chunks/BcW5klkU.js         [39m[1m[2m 20.38 kB[22m[1m[22m[2m Ôöé gzip:  4.64 kB[22m
[2m.svelte-kit/output/client/[22m[36m_app/immutable/nodes/18.1PdlJPAZ.js       [39m[1m[2m 21.25 kB[22m[1m[22m[2m Ôöé gzip:  6.70 kB[22m
[2m.svelte-kit/output/client/[22m[36m_app/immutable/chunks/CENse7EN.js         [39m[1m[2m 23.25 kB[22m[1m[22m[2m Ôöé gzip:  6.64 kB[22m
[2m.svelte-kit/output/client/[22m[36m_app/immutable/nodes/15.Clt9lR8z.js       [39m[1m[2m 24.10 kB[22m[1m[22m[2m Ôöé gzip:  8.19 kB[22m
[2m.svelte-kit/output/client/[22m[36m_app/immutable/nodes/2.BqGYjZPH.js        [39m[1m[2m 26.65 kB[22m[1m[22m[2m Ôöé gzip:  8.66 kB[22m
[2m.svelte-kit/output/client/[22m[36m_app/immutable/chunks/rtnIzlh-.js         [39m[1m[2m 28.33 kB[22m[1m[22m[2m Ôöé gzip: 11.12 kB[22m
[2m.svelte-kit/output/client/[22m[36m_app/immutable/nodes/14.CMPSG_EC.js       [39m[1m[2m 29.14 kB[22m[1m[22m[2m Ôöé gzip:  8.95 kB[22m
[2m.svelte-kit/output/client/[22m[36m_app/immutable/chunks/DKR5jsFQ.js         [39m[1m[2m 32.58 kB[22m[1m[22m[2m Ôöé gzip: 12.73 kB[22m
[2m.svelte-kit/output/client/[22m[36m_app/immutable/chunks/BE-srYjX.js         [39m[1m[2m 37.25 kB[22m[1m[22m[2m Ôöé gzip: 13.29 kB[22m
[2m.svelte-kit/output/client/[22m[36m_app/immutable/nodes/3.B-g8eMOI.js        [39m[1m[2m 48.68 kB[22m[1m[22m[2m Ôöé gzip: 15.98 kB[22m
[2m.svelte-kit/output/client/[22m[36m_app/immutable/nodes/16.D7uZE-DA.js       [39m[1m[2m 59.31 kB[22m[1m[22m[2m Ôöé gzip: 14.81 kB[22m
[2m.svelte-kit/output/client/[22m[36m_app/immutable/chunks/BaksLydm.js         [39m[1m[2m 71.60 kB[22m[1m[22m[2m Ôöé gzip: 21.45 kB[22m
[2m.svelte-kit/output/client/[22m[36m_app/immutable/nodes/17.CMdo88Om.js       [39m[1m[2m115.52 kB[22m[1m[22m[2m Ôöé gzip: 35.52 kB[22m
[32mÔ£ô built in 12.54s[39m
[2m.svelte-kit/output/server/[22m[32m.vite/manifest.json                                [39m[1m[2m 13.53 kB[22m[1m[22m
[2m.svelte-kit/output/server/[22m[35m_app/immutable/assets/_page.DWmbdrRP.css           [39m[1m[2m  0.06 kB[22m[1m[22m
[2m.svelte-kit/output/server/[22m[35m_app/immutable/assets/_layout.BN6AVBAP.css         [39m[1m[2m  0.08 kB[22m[1m[22m
[2m.svelte-kit/output/server/[22m[35m_app/immutable/assets/_layout.DetKvONP.css         [39m[1m[2m  0.30 kB[22m[1m[22m
[2m.svelte-kit/output/server/[22m[35m_app/immutable/assets/tippy.BHH8rdGj.css           [39m[1m[2m  1.41 kB[22m[1m[22m
[2m.svelte-kit/output/server/[22m[35m_app/immutable/assets/_layout.DFnoWx9W.css         [39m[1m[2m 92.45 kB[22m[1m[22m
[2m.svelte-kit/output/server/[22m[36mentries/pages/main/_page.ts.js                     [39m[1m[2m  0.00 kB[22m[1m[22m
[2m.svelte-kit/output/server/[22m[36mchunks/false.js                                    [39m[1m[2m  0.05 kB[22m[1m[22m
[2m.svelte-kit/output/server/[22m[36mentries/pages/_layout.ts.js                        [39m[1m[2m  0.07 kB[22m[1m[22m
[2m.svelte-kit/output/server/[22m[36minternal.js                                        [39m[1m[2m  0.33 kB[22m[1m[22m
[2m.svelte-kit/output/server/[22m[36mentries/fallbacks/error.svelte.js                  [39m[1m[2m  0.35 kB[22m[1m[22m
[2m.svelte-kit/output/server/[22m[36mentries/pages/live/_page.svelte.js                 [39m[1m[2m  0.38 kB[22m[1m[22m
[2m.svelte-kit/output/server/[22m[36mchunks/state.svelte.js                             [39m[1m[2m  0.38 kB[22m[1m[22m
[2m.svelte-kit/output/server/[22m[36mchunks/index.js                                    [39m[1m[2m  0.44 kB[22m[1m[22m
[2m.svelte-kit/output/server/[22m[36mchunks/upload-cloud.js                             [39m[1m[2m  0.53 kB[22m[1m[22m
[2m.svelte-kit/output/server/[22m[36mchunks/environment.js                              [39m[1m[2m  0.62 kB[22m[1m[22m
[2m.svelte-kit/output/server/[22m[36mchunks/client.js                                   [39m[1m[2m  0.64 kB[22m[1m[22m
[2m.svelte-kit/output/server/[22m[36mchunks/stores.js                                   [39m[1m[2m  0.69 kB[22m[1m[22m
[2m.svelte-kit/output/server/[22m[36mchunks/live-meter-store.svelte.js                  [39m[1m[2m  0.73 kB[22m[1m[22m
[2m.svelte-kit/output/server/[22m[36mchunks/settings.js                                 [39m[1m[2m  0.79 kB[22m[1m[22m
[2m.svelte-kit/output/server/[22m[36mentries/pages/_layout.svelte.js                    [39m[1m[2m  0.92 kB[22m[1m[22m
[2m.svelte-kit/output/server/[22m[36mchunks/utils2.js                                   [39m[1m[2m  0.95 kB[22m[1m[22m
[2m.svelte-kit/output/server/[22m[36mchunks/name-display.js                             [39m[1m[2m  1.12 kB[22m[1m[22m
[2m.svelte-kit/output/server/[22m[36mchunks/abbreviated-number.js                       [39m[1m[2m  1.23 kB[22m[1m[22m
[2m.svelte-kit/output/server/[22m[36mchunks/palette.js                                  [39m[1m[2m  1.31 kB[22m[1m[22m
[2m.svelte-kit/output/server/[22m[36mchunks/shared.js                                   [39m[1m[2m  1.35 kB[22m[1m[22m
[2m.svelte-kit/output/server/[22m[36mchunks/index3.js                                   [39m[1m[2m  1.46 kB[22m[1m[22m
[2m.svelte-kit/output/server/[22m[36mchunks/context.js                                  [39m[1m[2m  2.12 kB[22m[1m[22m
[2m.svelte-kit/output/server/[22m[36mchunks/utils.svelte.js                             [39m[1m[2m  2.21 kB[22m[1m[22m
[2m.svelte-kit/output/server/[22m[36mentries/pages/main/history/_id_/_page.svelte.js    [39m[1m[2m  3.24 kB[22m[1m[22m
[2m.svelte-kit/output/server/[22m[36mentries/pages/live/player-overlay/_page.svelte.js  [39m[1m[2m  3.37 kB[22m[1m[22m
[2m.svelte-kit/output/server/[22m[36mchunks/utils.js                                    [39m[1m[2m  3.48 kB[22m[1m[22m
[2m.svelte-kit/output/server/[22m[36mchunks/percent-format.js                           [39m[1m[2m  3.63 kB[22m[1m[22m
[2m.svelte-kit/output/server/[22m[36mentries/pages/live/dps/skills/_page.svelte.js      [39m[1m[2m  3.90 kB[22m[1m[22m
[2m.svelte-kit/output/server/[22m[36mentries/pages/live/heal/skills/_page.svelte.js     [39m[1m[2m  3.95 kB[22m[1m[22m
[2m.svelte-kit/output/server/[22m[36mentries/pages/live/buffs/_page.svelte.js           [39m[1m[2m  4.45 kB[22m[1m[22m
[2m.svelte-kit/output/server/[22m[36mentries/pages/main/_layout.svelte.js               [39m[1m[2m  5.20 kB[22m[1m[22m
[2m.svelte-kit/output/server/[22m[36mchunks/exports.js                                  [39m[1m[2m  5.52 kB[22m[1m[22m
[2m.svelte-kit/output/server/[22m[36mentries/pages/live/tanked/skills/_page.svelte.js   [39m[1m[2m  8.23 kB[22m[1m[22m
[2m.svelte-kit/output/server/[22m[36mentries/pages/live/heal/_page.svelte.js            [39m[1m[2m  8.97 kB[22m[1m[22m
[2m.svelte-kit/output/server/[22m[36mentries/pages/live/tanked/_page.svelte.js          [39m[1m[2m  9.66 kB[22m[1m[22m
[2m.svelte-kit/output/server/[22m[36mchunks/column-data.js                              [39m[1m[2m  9.82 kB[22m[1m[22m
[2m.svelte-kit/output/server/[22m[36mentries/pages/main/_page.svelte.js                 [39m[1m[2m  9.86 kB[22m[1m[22m
[2m.svelte-kit/output/server/[22m[36mentries/pages/live/dps/_page.svelte.js             [39m[1m[2m 12.49 kB[22m[1m[22m
[2m.svelte-kit/output/server/[22m[36mentries/pages/main/uploading/_page.svelte.js       [39m[1m[2m 13.08 kB[22m[1m[22m
[2m.svelte-kit/output/server/[22m[36mremote-entry.js                                    [39m[1m[2m 16.32 kB[22m[1m[22m
[2m.svelte-kit/output/server/[22m[36mchunks/bindings.js                                 [39m[1m[2m 17.55 kB[22m[1m[22m
[2m.svelte-kit/output/server/[22m[36mentries/pages/live/_layout.svelte.js               [39m[1m[2m 20.85 kB[22m[1m[22m
[2m.svelte-kit/output/server/[22m[36mentries/pages/main/history/_page.svelte.js         [39m[1m[2m 24.20 kB[22m[1m[22m
[2m.svelte-kit/output/server/[22m[36mchunks/settings-store.js                           [39m[1m[2m 24.90 kB[22m[1m[22m
[2m.svelte-kit/output/server/[22m[36mchunks/internal.js                                 [39m[1m[2m 29.34 kB[22m[1m[22m
[2m.svelte-kit/output/server/[22m[36mentries/pages/main/themes/_page.svelte.js          [39m[1m[2m 31.21 kB[22m[1m[22m
[2m.svelte-kit/output/server/[22m[36mchunks/chevron-down.js                             [39m[1m[2m 34.77 kB[22m[1m[22m
[2m.svelte-kit/output/server/[22m[36mchunks/index2.js                                   [39m[1m[2m 67.76 kB[22m[1m[22m
[2m.svelte-kit/output/server/[22m[36mentries/pages/main/settings/_page.svelte.js        [39m[1m[2m 88.20 kB[22m[1m[22m
[2m.svelte-kit/output/server/[22m[36mindex.js                                           [39m[1m[2m126.09 kB[22m[1m[22m
[32mÔ£ô built in 27.80s[39m

Run npm run preview to preview your production build locally.

> Using @sveltejs/adapter-static
  Wrote site to "build"
  Ô£ö done
    Updating crates.io index
error: failed to select a version for the requirement `tauri-build = "^2.11.1"`
candidate versions found which didn't match: 2.6.1, 2.6.0, 2.5.6, ...
location searched: crates.io index
required by package `sync v0.1.0 (E:\Codex\2026-04-25\sync-src\src-tauri)`
if you are looking for the prerelease package it needs to be specified 
explicitly
    tauri-build = { version = "2.0.0-rc.13" }
failed to build app: failed to build app
       Error failed to build app: failed to build app
